https://github.com/mkf/website-archiet
https://github.com/jpata/gpuservers
https://github.com/xasnow/alipay
https://github.com/chnops/code
https://github.com/haoxiqing/topoana
https://github.com/robertdccaetano/cursosRobertCaetano
https://github.com/trnl/clirr
https://github.com/tiwatson/reserve.wanderinglabs
https://github.com/natgeosociety/marapp-frontend
https://github.com/pbauerochse/youtrack-worklog-viewer
https://git.code.sf.net/p/mount-gtk
https://git.code.sf.net/p/tvision
https://git.code.sf.net/p/mount-gtk
https://git.code.sf.net/p/tvision
